*4pda.ru
*4pda.to
*adguard-dns.com
*adguard.com
*adidas.com
*adobe.com
*adobe.io
*ads-twitter.com
*amd.com
*anidub.com
*anilibria.tv
*api.openai.com
*api.twitter.com
*appstorrent.ru
*auth.openai.com
*bbc.co.uk
*bbc.com
*bbci.co.uk
*cdn.oaistatic.com
*cdn.syndication.twimg.com
*cdninstagram.com
*chatgpt.com
*chess.com
*cisco.com
*claude.ai
*cms-twdigitalassets.com
*crunchyroll.com
*dc-api.twitter.com
*deviantart.com
*dis.gd
*discord-activities.com
*discord.co
*discord.com
*discord.design
*discord.dev
*discord.gg
*discord.gift
*discord.gifts
*discord.media
*discord.new
*discord.store
*discord.tools
*discordactivities.com
*discordapp.com
*discordapp.io
*discordapp.net
*discordapp.org
*discordmerch.com
*discordpartygames.com
*discordsays.com
*discordstatus.com
*donmai.us
*dw.com
*f95zone.to
*facebook.com
*facebook.net
*fast-torrent.club
*fb.com
*fbcdn.net
*fbsbx.com
*gelbooru.com
*googletagmanager.com
*googlevideo.com
*habr.com
*hqporner.com
*ig.me
*ign.com
*iichan.hk
*instagram.com
*intel.com
*kemono.party
*linkedin.com
*meduza.io
*nnmclub.to
*ntc.party
*nyaa.si
*oaistatic.com
*oaiusercontent.com
*openai.com
*patreon.com
*pbs-ak.twimg.com
*pbs.twimg.com
*pixiv.net
*platform.twitter.com
*pornhub.com
*pornolab.net
*rule34.art
*rule34.xxx
*rutor.info
*rutor.is
*rutor.org
*rutracker.org
*s.twitter.com
*shikimori.me
*soundcloud.com
*spotify.com
*stalker2.com
*t.co
*ton.twitter.com
*ttwstatic.com
*tweetdeck.com
*twimg.com
*twirpx.com
*twitpic.com
*twitter.biz
*twitter.com
*twitter.jp
*twittercommunity.com
*twitterflightschool.com
*twitterinc.com
*twitteroauth.com
*twitterstat.us
*twtrdns.net
*twttr.com
*twttr.net
*twvid.com
*video.twimg.com
*www.pixiv.net
*x.com
*xhamster.com
*xhamsterlive.com
*xnxx.com
*xvideos-cdn.com
*xvideos.com
*youtube-nocookie.com
*youtube.com
*ytimg.com
*yting.com
api-stream.twitter.com
auth0.openai.com
bard.google.com
chat.openai.com
copilot.microsoft.com
discord-attachments-uploads-prd.storage.googleapis.com
gemini.google.com
googleapis.com
gstatic.com
i.ytimg.com
lookerstudio.google.com
m.youtube.com
news.google.com
pbs.twimg.com.akamaized.net
play.google.com
s.youtube.com
suggestqueries.google.com
wide-youtube.l.google.com
www.youtube.com
youtubeembeddedplayer.googleapis.com
youtubei.googleapis.com
yt3.ggpht.com
yt3.googleusercontent.com
ytimg.l.google.com
