149.154.160.0/20
185.76.151.0/24
4pda.to
91.105.192.0/23
91.108.12.0/22
91.108.16.0/22
91.108.20.0/22
91.108.4.0/22
91.108.56.0/22
91.108.8.0/22
abs-0.twimg.com
abs.twimg.com
accounts.youtube.com
adguard-dns.com
ads-twitter.com
amd.com
amnezia.org
analytics.x.com
anidub.com
anilibria.tv
api-0-4-0.twitter.com
api-0-4-2.twitter.com
api-0-4-3.twitter.com
api-0-4-4.twitter.com
api-0-4-5.twitter.com
api-0-4-6.twitter.com
api-0-4-7.twitter.com
api-0-4-8.twitter.com
api-0-5-0.twitter.com
api-1-0-0.twitter.com
api-2-0-0.twitter.com
api-20-0-0.twitter.com
api-21-0-0.twitter.com
api-23-0-0.twitter.com
api-24-0-0.twitter.com
api-26-0-0.twitter.com
api-28-0-0.twitter.com
api-3-0-0.twitter.com
api-30-0-0.twitter.com
api-31-0-0.twitter.com
api-32-0-0.twitter.com
api-33-0-0.twitter.com
api-34-0-0.twitter.com
api-36-0-0.twitter.com
api-37-0-0.twitter.com
api-38-0-0.twitter.com
api-39-0-0.twitter.com
api-40-0-0.twitter.com
api-41-0-0.twitter.com
api-42-0-0.twitter.com
api-43-0-0.twitter.com
api-44-0-0.twitter.com
api-45-0-0.twitter.com
api-46-0-0.twitter.com
api-stream.twitter.com
api.openai.com
api.twitter.com
api.x.com
appstorrent.ru
assets.strpst.com
auth.openai.com
auth0.openai.com
b-cdn.net
bard.google.com
bbc.co.uk
bbc.com
bbci.co.uk
bt.t-ru.org
bt2.t-ru.org
bt3.t-ru.org
bt4.t-ru.org
bunny.net
cdn.oaistatic.com
cdn.syndication.twimg.com
cdn1d-static-shared.phncdn.com
cdn77-pic.xnxx-cdn.com
cdn77-pic.xvideos-cdn.com
cdninstagram.com
chat.openai.com
chatgpt.com
chess.com
cisco.com
claude.ai
cms-twdigitalassets.com
copilot.microsoft.com
crunchyroll.com
cv-h.phncdn.com
dc-api.twitter.com
deepstatemap.live
deviantart.com
dis.gd
discord-activities.com
discord.co
discord.com
discord.design
discord.dev
discord.gg
discord.gift
discord.gifts
discord.media
discord.new
discord.store
discord.tools
discordactivities.com
discordapp.com
discordapp.io
discordapp.net
discordapp.org
discordmerch.com
discordpartygames.com
discordsays.com
discordstatus.com
donmai.us
dw.com
e1v-h.phncdn.com
ei.phncdn.com
eporner.com
etmzpxgvnid370fyp.a1.typesense.net
ev-ph.rdtcdn.com
f95zone.to
facebook.com
facebook.net
fast-torrent.club
fastporndelivery.hqporner.com
fb.com
fbcdn.net
fbsbx.com
gamma.kinde.com
gcore-vid.xvideos-cdn.com
gelbooru.com
gemini.google.com
ggpht.com
google.com
googleapis.com
googletagmanager.com
googleusercontent.com
googlevideo.com
gstatic.com
habr.com
hentailib.me
hqporner.com
i.ytimg.com
i9.ytimg.com
ic-vt-nss.xhcdn.com
ig.me
ign.com
img.strpst.com
instagram.com
intel.com
internalfb.com
isapplesiliconready.com
jav.guru
jetbrains.com
k.telegram.org
kemono.party
knowyourmeme.com
linkedin.com
lookerstudio.google.com
m.youtube.com
meduza.io
meta.com
ndsc.b-cdn.net
neolurk.org
nhacmp3youtube.com
nhentai.net
nnmclub.to
ntc.party
nyaa.land
oaistatic.com
oaiusercontent.com
oculus.com
openai.com
patreon.com
pbs-ak.twimg.com
pbs.twimg.com
pbs.twimg.com.akamaized.net
periscope.tv
platform.twitter.com
play.google.com
pornhub.com
pornolab.net
pscp.tv
rockblack.su
rt.pornhub.com
ru.xhamster.com
ru.xhamsterlive.com
rule34.xxx
rutor.org
rutracker.net
rutracker.org
rutracker.ru
rutracker.wiki
rutrk.org
s.twitter.com
s.youtube.com
soundcloud.com
spankbang.com
spicychat.ai
spotify.com
ss.phncdn.com
static-ah.xhcdn.com
static-nss.xhcdn.com
static.rutracker.cc
streamable.com
suggestqueries.google.com
supjav.com
syndication.twitter.com
t-ru.org
t.co
tellapart.com
threads.net
ton.twitter.com
ttwstatic.com
tweetdeck.com
twimg.com
twirpx.com
twitpic.com
twitter.biz
twitter.com
twitter.jp
twitter.map.fastly.net
twittercommunity.com
twitterflightschool.com
twitterinc.com
twitteroauth.com
twitterstat.us
twtrdns.net
twttr.com
twttr.net
twvid.com
video.twimg.com
vine.co
vrmedia-nss.xhcdn.com
web.telegram.org
wide-youtube.l.google.com
www.amazon.com
www.applegamingwiki.com
www.deviantart.com
www.hqporner.com
www.pixiv.net
www.pornhub.com
www.rutracker.org
www.rutracker.ru
www.rutracker.wiki
www.rutrk.org
www.t-ru.org
www.twitter.com
www.x.com
www.xhamster.com
www.xhamsterlive.com
www.xnxx-ru.com
www.xnxx.com
www.xv-ru.com
www.xvideos.com
www.youtube.com
www4.javhdporn.net
x.com
xhamster.com
xhamsterlive.com
xnxx-ru.com
xnxx.com
xv-ru.com
xvideos-cdn.com
xvideos.com
youtu.be
youtube-nocookie.com
youtube-ui.l.google.com
youtube.com
youtube.googleapis.com
youtube.ru
youtubei.googleapis.com
yt3.ggpht.com
yt3.googleusercontent.com
yt4.ggpht.com
ytimg.com
ytimg.l.google.com
yting.com
z.telegram.org
