*adguard-dns.com
*adguard.com
*amnezia.org
*anidub.com
*anilibria.tv
*api.openai.com
*auth.openai.com
*cdn.oaistatic.com
*cdninstagram.com
*chatgpt.com
*chess.com
*deviantart.com
*dis.gd
*discord-activities.com
*discord.co
*discord.com
*discord.design
*discord.dev
*discord.gg
*discord.gift
*discord.gifts
*discord.media
*discord.new
*discord.store
*discord.tools
*discordactivities.com
*discordapp.com
*discordapp.io
*discordapp.net
*discordapp.org
*discordmerch.com
*discordpartygames.com
*discordsays.com
*discordstatus.com
*googletagmanager.com
*googlevideo.com
*instagram.com
*nnmclub.to
*oaistatic.com
*oaiusercontent.com
*openai.com
*rockblack.su
*rutor.org
*rutracker.org
*spotify.com
*streamable.com
*youtube-nocookie.com
*youtube.com
*ytimg.com
*yting.com
auth0.openai.com
chat.openai.com
discord-attachments-uploads-prd.storage.googleapis.com
i.ytimg.com
m.youtube.com
play.google.com
s.youtube.com
wide-youtube.l.google.com
www.youtube.com
youtubeembeddedplayer.googleapis.com
youtubei.googleapis.com
yt3.ggpht.com
yt3.googleusercontent.com
ytimg.l.google.com
lookerstudio.google.com
gstatic.com
googleapis.com
