*4pda.to
abs-0.twimg.com
abs.twimg.com
analytics.x.com
api-0-4-0.twitter.com
api-0-4-2.twitter.com
api-0-4-3.twitter.com
api-0-4-4.twitter.com
api-0-4-5.twitter.com
api-0-4-6.twitter.com
api-0-4-7.twitter.com
api-0-4-8.twitter.com
api-0-5-0.twitter.com
api-1-0-0.twitter.com
api-2-0-0.twitter.com
api-20-0-0.twitter.com
api-21-0-0.twitter.com
api-23-0-0.twitter.com
api-24-0-0.twitter.com
api-26-0-0.twitter.com
api-28-0-0.twitter.com
api-3-0-0.twitter.com
api-30-0-0.twitter.com
api-31-0-0.twitter.com
api-32-0-0.twitter.com
api-33-0-0.twitter.com
api-34-0-0.twitter.com
api-36-0-0.twitter.com
api-37-0-0.twitter.com
api-38-0-0.twitter.com
api-39-0-0.twitter.com
api-40-0-0.twitter.com
api-41-0-0.twitter.com
api-42-0-0.twitter.com
api-43-0-0.twitter.com
api-44-0-0.twitter.com
api-45-0-0.twitter.com
api-46-0-0.twitter.com
api.x.com
api-stream.twitter.com
auth0.openai.com
*adobe.com
*adobe.io
*ads-twitter.com
*adguard-dns.com
*adguard.com
*amd.com
*amnezia.org
*anidub.com
*anilibria.tv
*api.openai.com
*api.twitter.com
*auth.openai.com
assets.strpst.com
bard.google.com
bt.t-ru.org
bt2.t-ru.org
bt3.t-ru.org
bt4.t-ru.org
b-cdn.net
bunny.net
*bbc.co.uk
*bbc.com
*bbci.co.uk
*cdn.oaistatic.com
*cdn.syndication.twimg.com
cdn1d-static-shared.phncdn.com
cdn77-pic.xnxx-cdn.com
cdn77-pic.xvideos-cdn.com
cv-h.phncdn.com
*cdninstagram.com
*chatgpt.com
chat.openai.com
copilot.microsoft.com
*chess.com
*cisco.com
*claude.ai
*cms-twdigitalassets.com
*crunchyroll.com
*dc-api.twitter.com
*deviantart.com
deepstatemap.live
*dis.gd
*discord-activities.com
discord-attachments-uploads-prd.storage.googleapis.com
*discord.co
*discord.com
*discord.design
*discord.dev
*discord.gg
*discord.gift
*discord.gifts
*discord.media
*discord.new
*discord.store
*discord.tools
*discordactivities.com
*discordapp.com
*discordapp.io
*discordapp.net
*discordapp.org
*discordmerch.com
*discordpartygames.com
*discordsays.com
*discordstatus.com
*donmai.us
*dw.com
*eporner.com
e1v-h.phncdn.com
ei.phncdn.com
ev-ph.rdtcdn.com
*f95zone.to
*facebook.com
*facebook.net
*fast-torrent.club
*fb.com
*fbcdn.net
*fbsbx.com
fastporndelivery.hqporner.com
gcore-vid.xvideos-cdn.com
*gelbooru.com
*googletagmanager.com
*googlevideo.com
gstatic.com
googleapis.com
gemini.google.com
*habr.com
hentailib.me
*hqporner.com
*ig.me
i.ytimg.com
*ign.com
*instagram.com
ic-vt-nss.xhcdn.com
img.strpst.com
*intel.com
*jav.guru
*jetbrains.com
*kemono.party
*linkedin.com
lookerstudio.google.com
*meduza.io
m.youtube.com
*nnmclub.to
*ntc.party
*nyaa.si
nhentai.net
ndsc.b-cdn.net
*oaistatic.com
*oaiusercontent.com
*openai.com
*patreon.com
*pbs-ak.twimg.com
*pbs.twimg.com
*platform.twitter.com
periscope.tv
pscp.tv
*pornhub.com
*pornolab.net
pbs.twimg.com.akamaized.net
play.google.com
*rockblack.su
*rule34.xxx
*rutor.org
*rutracker.org
rutracker.net
rutracker.ru
rutracker.wiki
rutrk.org
rt.pornhub.com
ru.xhamster.com
ru.xhamsterlive.com
ss.phncdn.com
static-ah.xhcdn.com
static-nss.xhcdn.com
*s.twitter.com
s.youtube.com
syndication.twitter.com
*soundcloud.com
*spankbang.com
spicychat.ai
*spotify.com
*streamable.com
*supjav.com
suggestqueries.google.com
static.rutracker.cc
t-ru.org
tellapart.com
twitter.map.fastly.net
*t.co
*ton.twitter.com
*ttwstatic.com
*tweetdeck.com
*twimg.com
*twirpx.com
*twitpic.com
*twitter.biz
*twitter.com
*twitter.jp
*twittercommunity.com
*twitterflightschool.com
*twitterinc.com
*twitteroauth.com
*twitterstat.us
*twtrdns.net
*twttr.com
*twttr.net
*twvid.com
*video.twimg.com
vine.co
vrmedia-nss.xhcdn.com
*x.com
*xhamster.com
*xnxx.com
*xvideos-cdn.com
*xvideos.com
xhamsterlive.com
xnxx-ru.com
xv-ru.com
*youtube-nocookie.com
*youtube.com
youtu.be
*ytimg.com
*yting.com
youtubeembeddedplayer.googleapis.com
youtubei.googleapis.com
yt3.ggpht.com
yt3.googleusercontent.com
ytimg.l.google.com
www4.javhdporn.net
www.amazon.com
www.deviantart.com
www.hqporner.com
www.pornhub.com
www.pixiv.net
www.youtube.com
www.twitter.com
www.rutracker.org
www.rutracker.ru
www.rutracker.wiki
www.rutrk.org
www.t-ru.org
www.tiktok.com
www.x.com
www.xhamster.com
www.xhamsterlive.com
www.xnxx-ru.com
www.xnxx.com
www.xv-ru.com
www.xvideos.com
wide-youtube.l.google.com
